[INFO] Scanning for projects...
[INFO] 
[INFO] --------------------< com.chanuk:portfolio-backend >--------------------
[INFO] Building PortfolioBackend 0.0.1-SNAPSHOT
[INFO]   from pom.xml
[INFO] --------------------------------[ jar ]---------------------------------
[INFO] 
[INFO] >>> spring-boot:4.1.1:run (default-cli) > test-compile @ portfolio-backend >>>
[INFO] 
[INFO] --- resources:3.5.0:resources (default-resources) @ portfolio-backend ---
[INFO] Copying 1 resource from src\main\resources to target\classes
[INFO] Copying 7 resources from src\main\resources to target\classes
[INFO] 
[INFO] --- compiler:3.15.0:compile (default-compile) @ portfolio-backend ---
[INFO] Nothing to compile - all classes are up to date.
[INFO] 
[INFO] --- resources:3.5.0:testResources (default-testResources) @ portfolio-backend ---
[INFO] Copying 1 resource from src\test\resources to target\test-classes
[INFO] 
[INFO] --- compiler:3.15.0:testCompile (default-testCompile) @ portfolio-backend ---
[INFO] Nothing to compile - all classes are up to date.
[INFO] 
[INFO] <<< spring-boot:4.1.1:run (default-cli) < test-compile @ portfolio-backend <<<
[INFO] 
[INFO] 
[INFO] --- spring-boot:4.1.1:run (default-cli) @ portfolio-backend ---
[INFO] Attaching agents: []

  .   ____          _            __ _ _
 /\\ / ___'_ __ _ _(_)_ __  __ _ \ \ \ \
( ( )\___ | '_ | '_| | '_ \/ _` | \ \ \ \
 \\/  ___)| |_)| | | | | || (_| |  ) ) ) )
  '  |____| .__|_| |_|_| |_\__, | / / / /
 =========|_|==============|___/=/_/_/_/

 :: Spring Boot ::                (v4.1.1)

2026-09-15T22:26:11.333+09:00  INFO 17164 --- [portfolio-backend] [           main] c.c.p.PortfolioBackendApplication        : Starting PortfolioBackendApplication using Java 26.0.2.1 with PID 17164 (C:\workspace\Portfolio\backend\target\classes started by hanch in C:\workspace\Portfolio\backend)
2026-09-15T22:26:11.335+09:00  INFO 17164 --- [portfolio-backend] [           main] c.c.p.PortfolioBackendApplication        : No active profile set, falling back to 1 default profile: "default"
2026-09-15T22:26:11.719+09:00  INFO 17164 --- [portfolio-backend] [           main] .s.d.r.c.RepositoryConfigurationDelegate : Bootstrapping Spring Data JPA repositories in DEFAULT mode.
2026-09-15T22:26:11.760+09:00  INFO 17164 --- [portfolio-backend] [           main] .s.d.r.c.RepositoryConfigurationDelegate : Finished Spring Data repository scanning in 34 ms. Found 3 JPA repository interfaces.
2026-09-15T22:26:12.086+09:00  INFO 17164 --- [portfolio-backend] [           main] o.s.boot.tomcat.TomcatWebServer          : Tomcat initialized with port 8080 (http)
2026-09-15T22:26:12.099+09:00  INFO 17164 --- [portfolio-backend] [           main] o.apache.catalina.core.StandardService   : Starting service [Tomcat]
2026-09-15T22:26:12.099+09:00  INFO 17164 --- [portfolio-backend] [           main] o.apache.catalina.core.StandardEngine    : Starting Servlet engine: [Apache Tomcat/11.0.24]
2026-09-15T22:26:12.139+09:00  INFO 17164 --- [portfolio-backend] [           main] b.w.c.s.WebApplicationContextInitializer : Root WebApplicationContext: initialization completed in 774 ms
2026-09-15T22:26:12.291+09:00  INFO 17164 --- [portfolio-backend] [           main] com.zaxxer.hikari.HikariDataSource       : HikariPool-1 - Starting...
2026-09-15T22:26:12.508+09:00  INFO 17164 --- [portfolio-backend] [           main] com.zaxxer.hikari.pool.HikariPool        : HikariPool-1 - Added connection com.mysql.cj.jdbc.ConnectionImpl@39f42d0e
2026-09-15T22:26:12.509+09:00  INFO 17164 --- [portfolio-backend] [           main] com.zaxxer.hikari.HikariDataSource       : HikariPool-1 - Start completed.
2026-09-15T22:26:12.528+09:00  INFO 17164 --- [portfolio-backend] [           main] org.flywaydb.core.FlywayExecutor         : Database: jdbc:mysql://localhost:3306/portfolio?connectionTimeZone=Asia/Seoul&characterEncoding=UTF-8&allowPublicKeyRetrieval=true (MySQL 8.4)
2026-09-15T22:26:12.588+09:00  INFO 17164 --- [portfolio-backend] [           main] o.f.core.internal.command.DbValidate     : Successfully validated 7 migrations (execution time 00:00.018s)
2026-09-15T22:26:12.597+09:00  INFO 17164 --- [portfolio-backend] [           main] o.f.core.internal.command.DbMigrate      : Current version of schema `portfolio`: 6
2026-09-15T22:26:12.607+09:00  INFO 17164 --- [portfolio-backend] [           main] o.f.core.internal.command.DbMigrate      : Migrating schema `portfolio` to version "7 - update h university project content"
2026-09-15T22:26:12.632+09:00  INFO 17164 --- [portfolio-backend] [           main] o.f.core.internal.command.DbMigrate      : Successfully applied 1 migration to schema `portfolio`, now at version v7 (execution time 00:00.008s)
2026-09-15T22:26:12.683+09:00  INFO 17164 --- [portfolio-backend] [           main] org.hibernate.orm.jpa                    : HHH008540: Processing PersistenceUnitInfo [name: default]
2026-09-15T22:26:12.714+09:00  INFO 17164 --- [portfolio-backend] [           main] org.hibernate.orm.core                   : HHH000001: Hibernate ORM core version 7.4.5.Final
2026-09-15T22:26:12.961+09:00  INFO 17164 --- [portfolio-backend] [           main] o.s.o.j.p.SpringPersistenceUnitInfo      : No LoadTimeWeaver setup: ignoring JPA class transformer
2026-09-15T22:26:13.010+09:00  INFO 17164 --- [portfolio-backend] [           main] org.hibernate.orm.connections.pooling    : HHH10001005: Database info:
	Database JDBC URL [jdbc:mysql://localhost:3306/portfolio?connectionTimeZone=Asia/Seoul&characterEncoding=UTF-8&allowPublicKeyRetrieval=true]
	Database driver: MySQL Connector/J
	Database dialect: MySQLDialect
	Database version: 8.4.9
	Default catalog/schema: portfolio/undefined
	Autocommit mode: undefined/unknown
	Isolation level: REPEATABLE_READ [default REPEATABLE_READ]
	JDBC fetch size: none
	Pool: DataSourceConnectionProvider
	Minimum pool size: undefined/unknown
	Maximum pool size: undefined/unknown
2026-09-15T22:26:13.507+09:00  INFO 17164 --- [portfolio-backend] [           main] org.hibernate.orm.core                   : HHH000489: No JTA platform available (set 'hibernate.transaction.jta.platform' to enable JTA platform integration)
2026-09-15T22:26:13.535+09:00  INFO 17164 --- [portfolio-backend] [           main] j.LocalContainerEntityManagerFactoryBean : Initialized JPA EntityManagerFactory for persistence unit 'default'
2026-09-15T22:26:13.579+09:00  INFO 17164 --- [portfolio-backend] [           main] o.s.d.j.r.query.QueryEnhancerFactories   : Hibernate is in classpath; If applicable, HQL parser will be used.
2026-09-15T22:26:13.767+09:00  INFO 17164 --- [portfolio-backend] [           main] r$InitializeUserDetailsManagerConfigurer : Global AuthenticationManager configured with UserDetailsService bean with name userDetailsService
2026-09-15T22:26:13.997+09:00  INFO 17164 --- [portfolio-backend] [           main] o.s.boot.tomcat.TomcatWebServer          : Tomcat started on port 8080 (http) with context path '/'
2026-09-15T22:26:14.001+09:00  INFO 17164 --- [portfolio-backend] [           main] c.c.p.PortfolioBackendApplication        : Started PortfolioBackendApplication in 2.935 seconds (process running for 3.164)
2026-09-15T22:26:26.687+09:00  INFO 17164 --- [portfolio-backend] [nio-8080-exec-1] o.a.c.c.C.[Tomcat].[localhost].[/]       : Initializing Spring DispatcherServlet 'dispatcherServlet'
2026-09-15T22:26:26.691+09:00  INFO 17164 --- [portfolio-backend] [nio-8080-exec-1] o.s.web.servlet.DispatcherServlet        : Initializing Servlet 'dispatcherServlet'
2026-09-15T22:26:26.692+09:00  INFO 17164 --- [portfolio-backend] [nio-8080-exec-1] o.s.web.servlet.DispatcherServlet        : Completed initialization in 1 ms
2026-09-16T00:52:07.142+09:00  INFO 17164 --- [portfolio-backend] [nio-8080-exec-4] o.apache.coyote.http11.Http11Processor   : Error parsing HTTP request header
 Note: further occurrences of HTTP request parsing errors will be logged at DEBUG level.

java.lang.IllegalArgumentException: Invalid character found in method name [SSH-2.0-libssh_0.12.00x0d0x0a...]. HTTP method names must be tokens
	at org.apache.coyote.http11.Http11InputBuffer.parseRequestLine(Http11InputBuffer.java:398) ~[tomcat-embed-core-11.0.24.jar:11.0.24]
	at org.apache.coyote.http11.Http11Processor.service(Http11Processor.java:279) ~[tomcat-embed-core-11.0.24.jar:11.0.24]
	at org.apache.coyote.AbstractProcessorLight.process(AbstractProcessorLight.java:71) ~[tomcat-embed-core-11.0.24.jar:11.0.24]
	at org.apache.coyote.AbstractProtocol$ConnectionHandler.process(AbstractProtocol.java:1307) ~[tomcat-embed-core-11.0.24.jar:11.0.24]
	at org.apache.tomcat.util.net.NioEndpoint$SocketProcessor.doRun(NioEndpoint.java:2036) ~[tomcat-embed-core-11.0.24.jar:11.0.24]
	at org.apache.tomcat.util.net.SocketProcessorBase.run(SocketProcessorBase.java:74) ~[tomcat-embed-core-11.0.24.jar:11.0.24]
	at org.apache.tomcat.util.threads.ThreadPoolExecutor.runWorker(ThreadPoolExecutor.java:949) ~[tomcat-embed-core-11.0.24.jar:11.0.24]
	at org.apache.tomcat.util.threads.ThreadPoolExecutor$Worker.run(ThreadPoolExecutor.java:483) ~[tomcat-embed-core-11.0.24.jar:11.0.24]
	at org.apache.tomcat.util.threads.TaskThread$WrappingRunnable.run(TaskThread.java:74) ~[tomcat-embed-core-11.0.24.jar:11.0.24]
	at java.base/java.lang.Thread.run(Thread.java:1516) ~[na:na]

